[2026-08-10 12:15:22]
A: ismailsghir107@gmail.com
Sujet: FiaJou3 : complétez votre dossier cuisinier partenaire
--- HTML ---
<div style="font-family:Arial,Helvetica,sans-serif;max-width:600px;margin:0 auto;color:#171717;"><h2 style="color:#B88618;">FiaJou3</h2><p>Bonjour,</p><p>Vous avez demandé à rejoindre FiaJou3 en tant que <strong>cuisinier partenaire</strong>.</p><p>Cliquez sur le bouton ci-dessous pour compléter votre dossier :</p><p style="text-align:center;margin:28px 0;"><a href="http://localhost/FiaJou3/index.php?route=partenaire&amp;token=682fda67277aed8f3f794c37e0ca89bfef6da699d37e34b09ab901902ff2adec" style="display:inline-block;padding:13px 30px;background:linear-gradient(135deg,#c8931f,#B88618);color:#ffffff;text-decoration:none;border-radius:50px;font-weight:700;">Compléter mon dossier</a></p><p>Ce lien est personnel et temporaire : il expirera le <strong>12/08/2026 12:15</strong> et ne peut être utilisé qu'une seule fois.</p><p>Si vous n'êtes pas à l'origine de cette demande, ignorez simplement cet email.</p><p style="color:#8a8478;font-size:12px;border-top:1px solid #eee;padding-top:12px;margin-top:28px;">FiaJou3 — Repas faits maison, livrés chez vous.</p></div>
--- TEXTE ---
Bonjour,

Vous avez demandé à rejoindre FiaJou3 en tant que cuisinier partenaire.

Pour compléter votre dossier, cliquez sur ce lien (valable jusqu'au 12/08/2026 12:15, usage unique) :
http://localhost/FiaJou3/index.php?route=partenaire&token=682fda67277aed8f3f794c37e0ca89bfef6da699d37e34b09ab901902ff2adec

Si vous n'êtes pas à l'origine de cette demande, ignorez simplement cet email.
----------------------------------------
[2026-08-10 12:15:48]
A: chef.test@example.com
Sujet: FiaJou3 : complétez votre dossier cuisinier partenaire
--- HTML ---
<div style="font-family:Arial,Helvetica,sans-serif;max-width:600px;margin:0 auto;color:#171717;"><h2 style="color:#B88618;">FiaJou3</h2><p>Bonjour,</p><p>Vous avez demandé à rejoindre FiaJou3 en tant que <strong>cuisinier partenaire</strong>.</p><p>Cliquez sur le bouton ci-dessous pour compléter votre dossier :</p><p style="text-align:center;margin:28px 0;"><a href="http://localhost/FiaJou3/index.php?route=partenaire&amp;token=c4a1fde1ccb6748defc9ab2b13eca34ef1853d796bc60df33e66940967d6f91e" style="display:inline-block;padding:13px 30px;background:linear-gradient(135deg,#c8931f,#B88618);color:#ffffff;text-decoration:none;border-radius:50px;font-weight:700;">Compléter mon dossier</a></p><p>Ce lien est personnel et temporaire : il expirera le <strong>12/08/2026 12:15</strong> et ne peut être utilisé qu'une seule fois.</p><p>Si vous n'êtes pas à l'origine de cette demande, ignorez simplement cet email.</p><p style="color:#8a8478;font-size:12px;border-top:1px solid #eee;padding-top:12px;margin-top:28px;">FiaJou3 — Repas faits maison, livrés chez vous.</p></div>
--- TEXTE ---
Bonjour,

Vous avez demandé à rejoindre FiaJou3 en tant que cuisinier partenaire.

Pour compléter votre dossier, cliquez sur ce lien (valable jusqu'au 12/08/2026 12:15, usage unique) :
http://localhost/FiaJou3/index.php?route=partenaire&token=c4a1fde1ccb6748defc9ab2b13eca34ef1853d796bc60df33e66940967d6f91e

Si vous n'êtes pas à l'origine de cette demande, ignorez simplement cet email.
----------------------------------------
[2026-08-10 12:17:40]
A: livreur.test@example.com
Sujet: FiaJou3 : complétez votre dossier livreur partenaire
--- HTML ---
<div style="font-family:Arial,Helvetica,sans-serif;max-width:600px;margin:0 auto;color:#171717;"><h2 style="color:#B88618;">FiaJou3</h2><p>Bonjour,</p><p>Vous avez demandé à rejoindre FiaJou3 en tant que <strong>livreur partenaire</strong>.</p><p>Cliquez sur le bouton ci-dessous pour compléter votre dossier :</p><p style="text-align:center;margin:28px 0;"><a href="http://localhost/FiaJou3/index.php?route=partenaire&amp;token=70194f0bb6a5f635bd4a38fc5cee7a460cef661ee722bf360db12349d84cd97f" style="display:inline-block;padding:13px 30px;background:linear-gradient(135deg,#c8931f,#B88618);color:#ffffff;text-decoration:none;border-radius:50px;font-weight:700;">Compléter mon dossier</a></p><p>Ce lien est personnel et temporaire : il expirera le <strong>12/08/2026 12:17</strong> et ne peut être utilisé qu'une seule fois.</p><p>Si vous n'êtes pas à l'origine de cette demande, ignorez simplement cet email.</p><p style="color:#8a8478;font-size:12px;border-top:1px solid #eee;padding-top:12px;margin-top:28px;">FiaJou3 — Repas faits maison, livrés chez vous.</p></div>
--- TEXTE ---
Bonjour,

Vous avez demandé à rejoindre FiaJou3 en tant que livreur partenaire.

Pour compléter votre dossier, cliquez sur ce lien (valable jusqu'au 12/08/2026 12:17, usage unique) :
http://localhost/FiaJou3/index.php?route=partenaire&token=70194f0bb6a5f635bd4a38fc5cee7a460cef661ee722bf360db12349d84cd97f

Si vous n'êtes pas à l'origine de cette demande, ignorez simplement cet email.
----------------------------------------
[2026-08-10 12:18:12]
A: ismailsghir107@gmail.com
Sujet: FiaJou3 : complétez votre dossier cuisinier partenaire
--- HTML ---
<div style="font-family:Arial,Helvetica,sans-serif;max-width:600px;margin:0 auto;color:#171717;"><h2 style="color:#B88618;">FiaJou3</h2><p>Bonjour,</p><p>Vous avez demandé à rejoindre FiaJou3 en tant que <strong>cuisinier partenaire</strong>.</p><p>Cliquez sur le bouton ci-dessous pour compléter votre dossier :</p><p style="text-align:center;margin:28px 0;"><a href="http://localhost/FiaJou3/index.php?route=partenaire&amp;token=ef61aacaa246ba6569b465e59200b5ee9e0092ac31d557c20dc2bc1159eb94f6" style="display:inline-block;padding:13px 30px;background:linear-gradient(135deg,#c8931f,#B88618);color:#ffffff;text-decoration:none;border-radius:50px;font-weight:700;">Compléter mon dossier</a></p><p>Ce lien est personnel et temporaire : il expirera le <strong>12/08/2026 12:18</strong> et ne peut être utilisé qu'une seule fois.</p><p>Si vous n'êtes pas à l'origine de cette demande, ignorez simplement cet email.</p><p style="color:#8a8478;font-size:12px;border-top:1px solid #eee;padding-top:12px;margin-top:28px;">FiaJou3 — Repas faits maison, livrés chez vous.</p></div>
--- TEXTE ---
Bonjour,

Vous avez demandé à rejoindre FiaJou3 en tant que cuisinier partenaire.

Pour compléter votre dossier, cliquez sur ce lien (valable jusqu'au 12/08/2026 12:18, usage unique) :
http://localhost/FiaJou3/index.php?route=partenaire&token=ef61aacaa246ba6569b465e59200b5ee9e0092ac31d557c20dc2bc1159eb94f6

Si vous n'êtes pas à l'origine de cette demande, ignorez simplement cet email.
----------------------------------------
[2026-08-10 12:19:29]
A: ismailsghir107@gmail.com
Sujet: FiaJou3 : complétez votre dossier livreur partenaire
--- HTML ---
<div style="font-family:Arial,Helvetica,sans-serif;max-width:600px;margin:0 auto;color:#171717;"><h2 style="color:#B88618;">FiaJou3</h2><p>Bonjour,</p><p>Vous avez demandé à rejoindre FiaJou3 en tant que <strong>livreur partenaire</strong>.</p><p>Cliquez sur le bouton ci-dessous pour compléter votre dossier :</p><p style="text-align:center;margin:28px 0;"><a href="http://localhost/FiaJou3/index.php?route=partenaire&amp;token=4b34f210c80f8932ce5797f410dadfb5f8cc8a20954c7690bddd25d101201535" style="display:inline-block;padding:13px 30px;background:linear-gradient(135deg,#c8931f,#B88618);color:#ffffff;text-decoration:none;border-radius:50px;font-weight:700;">Compléter mon dossier</a></p><p>Ce lien est personnel et temporaire : il expirera le <strong>12/08/2026 12:19</strong> et ne peut être utilisé qu'une seule fois.</p><p>Si vous n'êtes pas à l'origine de cette demande, ignorez simplement cet email.</p><p style="color:#8a8478;font-size:12px;border-top:1px solid #eee;padding-top:12px;margin-top:28px;">FiaJou3 — Repas faits maison, livrés chez vous.</p></div>
--- TEXTE ---
Bonjour,

Vous avez demandé à rejoindre FiaJou3 en tant que livreur partenaire.

Pour compléter votre dossier, cliquez sur ce lien (valable jusqu'au 12/08/2026 12:19, usage unique) :
http://localhost/FiaJou3/index.php?route=partenaire&token=4b34f210c80f8932ce5797f410dadfb5f8cc8a20954c7690bddd25d101201535

Si vous n'êtes pas à l'origine de cette demande, ignorez simplement cet email.
----------------------------------------
[2026-08-10 12:20:56]
A: client.existant@example.com
Sujet: FiaJou3 : complétez votre dossier cuisinier partenaire
--- HTML ---
<div style="font-family:Arial,Helvetica,sans-serif;max-width:600px;margin:0 auto;color:#171717;"><h2 style="color:#B88618;">FiaJou3</h2><p>Bonjour,</p><p>Vous avez demandé à rejoindre FiaJou3 en tant que <strong>cuisinier partenaire</strong>.</p><p>Cliquez sur le bouton ci-dessous pour compléter votre dossier :</p><p style="text-align:center;margin:28px 0;"><a href="http://localhost/FiaJou3/index.php?route=partenaire&amp;token=5231320803df55f86801dc968ad5921691d76ff4a4b058cc9196e081a97b0322" style="display:inline-block;padding:13px 30px;background:linear-gradient(135deg,#c8931f,#B88618);color:#ffffff;text-decoration:none;border-radius:50px;font-weight:700;">Compléter mon dossier</a></p><p>Ce lien est personnel et temporaire : il expirera le <strong>12/08/2026 12:20</strong> et ne peut être utilisé qu'une seule fois.</p><p>Si vous n'êtes pas à l'origine de cette demande, ignorez simplement cet email.</p><p style="color:#8a8478;font-size:12px;border-top:1px solid #eee;padding-top:12px;margin-top:28px;">FiaJou3 — Repas faits maison, livrés chez vous.</p></div>
--- TEXTE ---
Bonjour,

Vous avez demandé à rejoindre FiaJou3 en tant que cuisinier partenaire.

Pour compléter votre dossier, cliquez sur ce lien (valable jusqu'au 12/08/2026 12:20, usage unique) :
http://localhost/FiaJou3/index.php?route=partenaire&token=5231320803df55f86801dc968ad5921691d76ff4a4b058cc9196e081a97b0322

Si vous n'êtes pas à l'origine de cette demande, ignorez simplement cet email.
----------------------------------------
[2026-08-10 12:22:51]
A: expire.test@example.com
Sujet: FiaJou3 : complétez votre dossier livreur partenaire
--- HTML ---
<div style="font-family:Arial,Helvetica,sans-serif;max-width:600px;margin:0 auto;color:#171717;"><h2 style="color:#B88618;">FiaJou3</h2><p>Bonjour,</p><p>Vous avez demandé à rejoindre FiaJou3 en tant que <strong>livreur partenaire</strong>.</p><p>Cliquez sur le bouton ci-dessous pour compléter votre dossier :</p><p style="text-align:center;margin:28px 0;"><a href="http://localhost/FiaJou3/index.php?route=partenaire&amp;token=2348a4f402f7caeb5d5c83fcbc61f6b20622cfb187405b0091830ce45b97396d" style="display:inline-block;padding:13px 30px;background:linear-gradient(135deg,#c8931f,#B88618);color:#ffffff;text-decoration:none;border-radius:50px;font-weight:700;">Compléter mon dossier</a></p><p>Ce lien est personnel et temporaire : il expirera le <strong>12/08/2026 12:22</strong> et ne peut être utilisé qu'une seule fois.</p><p>Si vous n'êtes pas à l'origine de cette demande, ignorez simplement cet email.</p><p style="color:#8a8478;font-size:12px;border-top:1px solid #eee;padding-top:12px;margin-top:28px;">FiaJou3 — Repas faits maison, livrés chez vous.</p></div>
--- TEXTE ---
Bonjour,

Vous avez demandé à rejoindre FiaJou3 en tant que livreur partenaire.

Pour compléter votre dossier, cliquez sur ce lien (valable jusqu'au 12/08/2026 12:22, usage unique) :
http://localhost/FiaJou3/index.php?route=partenaire&token=2348a4f402f7caeb5d5c83fcbc61f6b20622cfb187405b0091830ce45b97396d

Si vous n'êtes pas à l'origine de cette demande, ignorez simplement cet email.
----------------------------------------
[2026-08-10 12:25:47]
A: smoke.cuisine@example.com
Sujet: FiaJou3 : complétez votre dossier cuisinier partenaire
--- HTML ---
<div style="font-family:Arial,Helvetica,sans-serif;max-width:600px;margin:0 auto;color:#171717;"><h2 style="color:#B88618;">FiaJou3</h2><p>Bonjour,</p><p>Vous avez demandé à rejoindre FiaJou3 en tant que <strong>cuisinier partenaire</strong>.</p><p>Cliquez sur le bouton ci-dessous pour compléter votre dossier :</p><p style="text-align:center;margin:28px 0;"><a href="http://localhost/FiaJou3/index.php?route=partenaire&amp;token=b40a08bac856155e4f35f7b2d0e14ae103ef6cdbdead47bbfe50320e1c4ce5fe" style="display:inline-block;padding:13px 30px;background:linear-gradient(135deg,#c8931f,#B88618);color:#ffffff;text-decoration:none;border-radius:50px;font-weight:700;">Compléter mon dossier</a></p><p>Ce lien est personnel et temporaire : il expirera le <strong>12/08/2026 12:25</strong> et ne peut être utilisé qu'une seule fois.</p><p>Si vous n'êtes pas à l'origine de cette demande, ignorez simplement cet email.</p><p style="color:#8a8478;font-size:12px;border-top:1px solid #eee;padding-top:12px;margin-top:28px;">FiaJou3 — Repas faits maison, livrés chez vous.</p></div>
--- TEXTE ---
Bonjour,

Vous avez demandé à rejoindre FiaJou3 en tant que cuisinier partenaire.

Pour compléter votre dossier, cliquez sur ce lien (valable jusqu'au 12/08/2026 12:25, usage unique) :
http://localhost/FiaJou3/index.php?route=partenaire&token=b40a08bac856155e4f35f7b2d0e14ae103ef6cdbdead47bbfe50320e1c4ce5fe

Si vous n'êtes pas à l'origine de cette demande, ignorez simplement cet email.
----------------------------------------
[2026-08-10 12:30:16]
A: ismailsghir107@gmail.com
Sujet: FiaJou3 : complétez votre dossier cuisinier partenaire
--- HTML ---
<div style="font-family:Arial,Helvetica,sans-serif;max-width:600px;margin:0 auto;color:#171717;"><h2 style="color:#B88618;">FiaJou3</h2><p>Bonjour,</p><p>Vous avez demandé à rejoindre FiaJou3 en tant que <strong>cuisinier partenaire</strong>.</p><p>Cliquez sur le bouton ci-dessous pour compléter votre dossier :</p><p style="text-align:center;margin:28px 0;"><a href="http://localhost/FiaJou3/index.php?route=partenaire&amp;token=c53bb9f6ec36a18ea64d5e370896c167ec5d8b4dab9c76f5631c72bf891271a5" style="display:inline-block;padding:13px 30px;background:linear-gradient(135deg,#c8931f,#B88618);color:#ffffff;text-decoration:none;border-radius:50px;font-weight:700;">Compléter mon dossier</a></p><p>Ce lien est personnel et temporaire : il expirera le <strong>12/08/2026 12:30</strong> et ne peut être utilisé qu'une seule fois.</p><p>Si vous n'êtes pas à l'origine de cette demande, ignorez simplement cet email.</p><p style="color:#8a8478;font-size:12px;border-top:1px solid #eee;padding-top:12px;margin-top:28px;">FiaJou3 — Repas faits maison, livrés chez vous.</p></div>
--- TEXTE ---
Bonjour,

Vous avez demandé à rejoindre FiaJou3 en tant que cuisinier partenaire.

Pour compléter votre dossier, cliquez sur ce lien (valable jusqu'au 12/08/2026 12:30, usage unique) :
http://localhost/FiaJou3/index.php?route=partenaire&token=c53bb9f6ec36a18ea64d5e370896c167ec5d8b4dab9c76f5631c72bf891271a5

Si vous n'êtes pas à l'origine de cette demande, ignorez simplement cet email.
----------------------------------------
[2026-08-10 14:23:21]
A: ismailsghir107@gmail.com
Sujet: FiaJou3 : complétez votre dossier livreur partenaire
--- HTML ---
<div style="font-family:Arial,Helvetica,sans-serif;max-width:600px;margin:0 auto;color:#171717;"><h2 style="color:#B88618;">FiaJou3</h2><p>Bonjour,</p><p>Vous avez demandé à rejoindre FiaJou3 en tant que <strong>livreur partenaire</strong>.</p><p>Cliquez sur le bouton ci-dessous pour compléter votre dossier :</p><p style="text-align:center;margin:28px 0;"><a href="http://localhost/FiaJou3/index.php?route=partenaire&amp;token=5c8f1d545a804a1ad47c8f36fa1c7956c82db36f84bb8ca80ee449bf4fbce70a" style="display:inline-block;padding:13px 30px;background:linear-gradient(135deg,#c8931f,#B88618);color:#ffffff;text-decoration:none;border-radius:50px;font-weight:700;">Compléter mon dossier</a></p><p>Ce lien est personnel et temporaire : il expirera le <strong>12/08/2026 14:23</strong> et ne peut être utilisé qu'une seule fois.</p><p>Si vous n'êtes pas à l'origine de cette demande, ignorez simplement cet email.</p><p style="color:#8a8478;font-size:12px;border-top:1px solid #eee;padding-top:12px;margin-top:28px;">FiaJou3 — Repas faits maison, livrés chez vous.</p></div>
--- TEXTE ---
Bonjour,

Vous avez demandé à rejoindre FiaJou3 en tant que livreur partenaire.

Pour compléter votre dossier, cliquez sur ce lien (valable jusqu'au 12/08/2026 14:23, usage unique) :
http://localhost/FiaJou3/index.php?route=partenaire&token=5c8f1d545a804a1ad47c8f36fa1c7956c82db36f84bb8ca80ee449bf4fbce70a

Si vous n'êtes pas à l'origine de cette demande, ignorez simplement cet email.
----------------------------------------
[2026-08-10 14:27:10]
A: ismailsghir107@gmail.com
Sujet: FiaJou3 : complétez votre dossier cuisinier partenaire
--- HTML ---
<div style="font-family:Arial,Helvetica,sans-serif;max-width:600px;margin:0 auto;color:#171717;"><h2 style="color:#B88618;">FiaJou3</h2><p>Bonjour,</p><p>Vous avez demandé à rejoindre FiaJou3 en tant que <strong>cuisinier partenaire</strong>.</p><p>Cliquez sur le bouton ci-dessous pour compléter votre dossier :</p><p style="text-align:center;margin:28px 0;"><a href="http://localhost/FiaJou3/index.php?route=partenaire&amp;token=b9095d767221970fc021b6ff9af83b01e5b9643b72f1dfe9b715966e9ea6eef3" style="display:inline-block;padding:13px 30px;background:linear-gradient(135deg,#c8931f,#B88618);color:#ffffff;text-decoration:none;border-radius:50px;font-weight:700;">Compléter mon dossier</a></p><p>Ce lien est personnel et temporaire : il expirera le <strong>12/08/2026 14:27</strong> et ne peut être utilisé qu'une seule fois.</p><p>Si vous n'êtes pas à l'origine de cette demande, ignorez simplement cet email.</p><p style="color:#8a8478;font-size:12px;border-top:1px solid #eee;padding-top:12px;margin-top:28px;">FiaJou3 — Repas faits maison, livrés chez vous.</p></div>
--- TEXTE ---
Bonjour,

Vous avez demandé à rejoindre FiaJou3 en tant que cuisinier partenaire.

Pour compléter votre dossier, cliquez sur ce lien (valable jusqu'au 12/08/2026 14:27, usage unique) :
http://localhost/FiaJou3/index.php?route=partenaire&token=b9095d767221970fc021b6ff9af83b01e5b9643b72f1dfe9b715966e9ea6eef3

Si vous n'êtes pas à l'origine de cette demande, ignorez simplement cet email.
----------------------------------------
[2026-08-10 14:27:23]
A: billal@gmail.com
Sujet: FiaJou3 : complétez votre dossier livreur partenaire
--- HTML ---
<div style="font-family:Arial,Helvetica,sans-serif;max-width:600px;margin:0 auto;color:#171717;"><h2 style="color:#B88618;">FiaJou3</h2><p>Bonjour,</p><p>Vous avez demandé à rejoindre FiaJou3 en tant que <strong>livreur partenaire</strong>.</p><p>Cliquez sur le bouton ci-dessous pour compléter votre dossier :</p><p style="text-align:center;margin:28px 0;"><a href="http://localhost/FiaJou3/index.php?route=partenaire&amp;token=299b764daf0fd9c7bc4c11a32e6f188b2958e6f6515e32e6d4160a5982a0cd7c" style="display:inline-block;padding:13px 30px;background:linear-gradient(135deg,#c8931f,#B88618);color:#ffffff;text-decoration:none;border-radius:50px;font-weight:700;">Compléter mon dossier</a></p><p>Ce lien est personnel et temporaire : il expirera le <strong>12/08/2026 14:27</strong> et ne peut être utilisé qu'une seule fois.</p><p>Si vous n'êtes pas à l'origine de cette demande, ignorez simplement cet email.</p><p style="color:#8a8478;font-size:12px;border-top:1px solid #eee;padding-top:12px;margin-top:28px;">FiaJou3 — Repas faits maison, livrés chez vous.</p></div>
--- TEXTE ---
Bonjour,

Vous avez demandé à rejoindre FiaJou3 en tant que livreur partenaire.

Pour compléter votre dossier, cliquez sur ce lien (valable jusqu'au 12/08/2026 14:27, usage unique) :
http://localhost/FiaJou3/index.php?route=partenaire&token=299b764daf0fd9c7bc4c11a32e6f188b2958e6f6515e32e6d4160a5982a0cd7c

Si vous n'êtes pas à l'origine de cette demande, ignorez simplement cet email.
----------------------------------------
