[2026-08-11 12:14:59]
A: elbbilal00@gmail.com
Sujet: FiaJou3 : réinitialisation de votre mot de passe
--- HTML ---
<div style="font-family:Arial,Helvetica,sans-serif;max-width:600px;margin:0 auto;color:#171717;"><h2 style="color:#B88618;">FiaJou3</h2><p>Bonjour,</p><p>Vous avez demandé la réinitialisation du mot de passe de votre compte FiaJou3.</p><p>Cliquez sur le bouton ci-dessous pour choisir un nouveau mot de passe :</p><p style="text-align:center;margin:28px 0;"><a href="http://localhost/FiaJou3/index.php?route=mot-de-passe-oublie&amp;token=28f275688ceab9dcc1ac3a16c5072594a045683fda946784130398ad3b022566" style="display:inline-block;padding:13px 30px;background:linear-gradient(135deg,#c8931f,#B88618);color:#ffffff;text-decoration:none;border-radius:50px;font-weight:700;">Réinitialiser mon mot de passe</a></p><p>Ce lien est personnel et temporaire : il expirera le <strong>11/08/2026 13:14</strong> et ne peut être utilisé qu'une seule fois.</p><p>Si vous n'êtes pas à l'origine de cette demande, ignorez simplement cet email : votre mot de passe restera inchangé.</p><p style="color:#8a8478;font-size:12px;border-top:1px solid #eee;padding-top:12px;margin-top:28px;">FiaJou3 — Repas faits maison, livrés chez vous.</p></div>
--- TEXTE ---
Bonjour,

Vous avez demandé la réinitialisation du mot de passe de votre compte FiaJou3.

Pour choisir un nouveau mot de passe, cliquez sur ce lien (valable jusqu'au 11/08/2026 13:14, usage unique) :
http://localhost/FiaJou3/index.php?route=mot-de-passe-oublie&token=28f275688ceab9dcc1ac3a16c5072594a045683fda946784130398ad3b022566

Si vous n'êtes pas à l'origine de cette demande, ignorez simplement cet email : votre mot de passe restera inchangé.
----------------------------------------
[2026-08-11 12:15:34]
A: elbbilal00@gmail.com
Sujet: FiaJou3 : réinitialisation de votre mot de passe
--- HTML ---
<div style="font-family:Arial,Helvetica,sans-serif;max-width:600px;margin:0 auto;color:#171717;"><h2 style="color:#B88618;">FiaJou3</h2><p>Bonjour,</p><p>Vous avez demandé la réinitialisation du mot de passe de votre compte FiaJou3.</p><p>Cliquez sur le bouton ci-dessous pour choisir un nouveau mot de passe :</p><p style="text-align:center;margin:28px 0;"><a href="http://localhost/FiaJou3/index.php?route=mot-de-passe-oublie&amp;token=d5b2f60f625aa754919eea0a7e15d1ee44f025af670127da5972100bb42067fa" style="display:inline-block;padding:13px 30px;background:linear-gradient(135deg,#c8931f,#B88618);color:#ffffff;text-decoration:none;border-radius:50px;font-weight:700;">Réinitialiser mon mot de passe</a></p><p>Ce lien est personnel et temporaire : il expirera le <strong>11/08/2026 13:15</strong> et ne peut être utilisé qu'une seule fois.</p><p>Si vous n'êtes pas à l'origine de cette demande, ignorez simplement cet email : votre mot de passe restera inchangé.</p><p style="color:#8a8478;font-size:12px;border-top:1px solid #eee;padding-top:12px;margin-top:28px;">FiaJou3 — Repas faits maison, livrés chez vous.</p></div>
--- TEXTE ---
Bonjour,

Vous avez demandé la réinitialisation du mot de passe de votre compte FiaJou3.

Pour choisir un nouveau mot de passe, cliquez sur ce lien (valable jusqu'au 11/08/2026 13:15, usage unique) :
http://localhost/FiaJou3/index.php?route=mot-de-passe-oublie&token=d5b2f60f625aa754919eea0a7e15d1ee44f025af670127da5972100bb42067fa

Si vous n'êtes pas à l'origine de cette demande, ignorez simplement cet email : votre mot de passe restera inchangé.
----------------------------------------
[2026-08-11 13:04:52]
A: elbbilal00@gmail.com
Sujet: FiaJou3 : réinitialisation de votre mot de passe
--- HTML ---
<div style="font-family:Arial,Helvetica,sans-serif;max-width:600px;margin:0 auto;color:#171717;"><h2 style="color:#B88618;">FiaJou3</h2><p>Bonjour,</p><p>Vous avez demandé la réinitialisation du mot de passe de votre compte FiaJou3.</p><p>Cliquez sur le bouton ci-dessous pour choisir un nouveau mot de passe :</p><p style="text-align:center;margin:28px 0;"><a href="http://localhost/FiaJou3/index.php?route=mot-de-passe-oublie&amp;token=59af8f4fb3bde5ec85a6dbc5ba0e2df09cae89999f52ed3fff6d2c774b0a521a" style="display:inline-block;padding:13px 30px;background:linear-gradient(135deg,#c8931f,#B88618);color:#ffffff;text-decoration:none;border-radius:50px;font-weight:700;">Réinitialiser mon mot de passe</a></p><p>Ce lien est personnel et temporaire : il expirera le <strong>11/08/2026 14:04</strong> et ne peut être utilisé qu'une seule fois.</p><p>Si vous n'êtes pas à l'origine de cette demande, ignorez simplement cet email : votre mot de passe restera inchangé.</p><p style="color:#8a8478;font-size:12px;border-top:1px solid #eee;padding-top:12px;margin-top:28px;">FiaJou3 — Repas faits maison, livrés chez vous.</p></div>
--- TEXTE ---
Bonjour,

Vous avez demandé la réinitialisation du mot de passe de votre compte FiaJou3.

Pour choisir un nouveau mot de passe, cliquez sur ce lien (valable jusqu'au 11/08/2026 14:04, usage unique) :
http://localhost/FiaJou3/index.php?route=mot-de-passe-oublie&token=59af8f4fb3bde5ec85a6dbc5ba0e2df09cae89999f52ed3fff6d2c774b0a521a

Si vous n'êtes pas à l'origine de cette demande, ignorez simplement cet email : votre mot de passe restera inchangé.
----------------------------------------
[2026-08-11 13:21:02]
A: elbbilal00@gmail.com
Sujet: FiaJou3 : réinitialisation de votre mot de passe
--- HTML ---
<div style="font-family:Arial,Helvetica,sans-serif;max-width:600px;margin:0 auto;color:#171717;"><h2 style="color:#B88618;">FiaJou3</h2><p>Bonjour,</p><p>Vous avez demandé la réinitialisation du mot de passe de votre compte FiaJou3.</p><p>Cliquez sur le bouton ci-dessous pour choisir un nouveau mot de passe :</p><p style="text-align:center;margin:28px 0;"><a href="http://localhost/FiaJou3/index.php?route=mot-de-passe-oublie&amp;token=cad3823e7af62216fff0bc1b6ec248e04d4502c000458c4d6cc070897ca52101" style="display:inline-block;padding:13px 30px;background:linear-gradient(135deg,#c8931f,#B88618);color:#ffffff;text-decoration:none;border-radius:50px;font-weight:700;">Réinitialiser mon mot de passe</a></p><p>Ce lien est personnel et temporaire : il expirera le <strong>11/08/2026 14:21</strong> et ne peut être utilisé qu'une seule fois.</p><p>Si vous n'êtes pas à l'origine de cette demande, ignorez simplement cet email : votre mot de passe restera inchangé.</p><p style="color:#8a8478;font-size:12px;border-top:1px solid #eee;padding-top:12px;margin-top:28px;">FiaJou3 — Repas faits maison, livrés chez vous.</p></div>
--- TEXTE ---
Bonjour,

Vous avez demandé la réinitialisation du mot de passe de votre compte FiaJou3.

Pour choisir un nouveau mot de passe, cliquez sur ce lien (valable jusqu'au 11/08/2026 14:21, usage unique) :
http://localhost/FiaJou3/index.php?route=mot-de-passe-oublie&token=cad3823e7af62216fff0bc1b6ec248e04d4502c000458c4d6cc070897ca52101

Si vous n'êtes pas à l'origine de cette demande, ignorez simplement cet email : votre mot de passe restera inchangé.
----------------------------------------
